stderr:

Compiling 'errors_empty_while.zs'
Pass 1: Parsing
Pass 2: Preprocessing
Pass 3: Registration
Pass 4: Analyzing Code
Pass 5: Checking code paths
Pass 6: Generating object code
Pass 7: Assembling
Success!
Compile finished with exit code '0' (success)

stdout:

{
  "success": true,
  "diagnostics": [],
  "metadata": {
    "currentFileSymbols": 2,
    "symbols": 2,
    "identifiers": 2,
    "elided": true
  }
}

zasm:

QUIT; void run() Body
PUSHR REFNPC; void run() Body Start
SETR D4 SP2
GOTO 4; while() #1 End AND [Opt:NeverRet] AND void run() Body End
